// Jest Snapshot v1, https://goo.gl/fbAQLP

exports[`Pruebas de AppRouter Mostrar el componente marvel Autenticado 1`] = `Object {}`;

exports[`Pruebas de AppRouter Mostrar login si no esta autenticado 1`] = `
<div>
  <div
    className="container mt-5"
  >
    <h1>
      Login
    </h1>
    <hr />
    <button
      className="btn btn-primary"
      onClick={[Function]}
    >
      Login
    </button>
  </div>
</div>
`;
