// Jest Snapshot v1, https://goo.gl/fbAQLP

exports[`Prueba del componente <HeroScreen El componente debe de funcionan correctamente 1`] = `""`;
